[29-Mar-2025 11:23:06 UTC] POST data: Array
(
    [rooms] => Array
        (
            [0] => it test
        )

    [timeDuration] => 1
    [timeSlots] => Array
        (
            [0] => 09:00
            [1] => 09:30
        )

    [days] => Array
        (
            [0] => 03-29-2025
        )

    [program] => it
)

[29-Mar-2025 11:23:06 UTC] POST data: Array
(
    [rooms] => Array
        (
            [0] => it test
        )

    [timeDuration] => 1
    [startTime] => 09:00
    [endTime] => 10:00
    [timeSlots] => Array
        (
            [0] => 09:00:00
        )

    [days] => Array
        (
            [0] => 2025-03-29
        )

)

[29-Mar-2025 11:23:06 UTC] Previous schedules cleared
[29-Mar-2025 11:23:06 UTC] Fetched 1 teams for program: it
[29-Mar-2025 11:23:07 UTC] Previous schedules cleared
[29-Mar-2025 11:23:07 UTC] Fetched 6 teams for program: All Programs
[29-Mar-2025 11:23:07 UTC] Generation 0 completed. Best fitness: -25. Elapsed time: 0.11843609809875 seconds
[29-Mar-2025 11:23:07 UTC] Generation 0 completed. Best fitness: -210. Elapsed time: 0.27502298355103 seconds
[29-Mar-2025 11:23:08 UTC] Generation 20 completed. Best fitness: -25. Elapsed time: 1.0336260795593 seconds
[29-Mar-2025 11:23:09 UTC] Generation 40 completed. Best fitness: -25. Elapsed time: 1.9592640399933 seconds
[29-Mar-2025 11:23:09 UTC] Generation 60 completed. Best fitness: -25. Elapsed time: 2.8998429775238 seconds
[29-Mar-2025 11:23:10 UTC] Generation 80 completed. Best fitness: -25. Elapsed time: 3.8222651481628 seconds
[29-Mar-2025 11:23:11 UTC] Generation 100 completed. Best fitness: -25. Elapsed time: 4.7742640972137 seconds
[29-Mar-2025 11:23:12 UTC] Generation 20 completed. Best fitness: -210. Elapsed time: 5.3280777931213 seconds
[29-Mar-2025 11:23:12 UTC] Generation 120 completed. Best fitness: -25. Elapsed time: 5.8164801597595 seconds
[29-Mar-2025 11:23:13 UTC] Generation 140 completed. Best fitness: -25. Elapsed time: 6.804701089859 seconds
[29-Mar-2025 11:23:14 UTC] Generation 160 completed. Best fitness: -25. Elapsed time: 7.83536195755 seconds
[29-Mar-2025 11:23:15 UTC] Generation 180 completed. Best fitness: -25. Elapsed time: 8.8655931949615 seconds
[29-Mar-2025 11:23:16 UTC] Generation 200 completed. Best fitness: -25. Elapsed time: 9.7448291778564 seconds
[29-Mar-2025 11:23:17 UTC] Generation 40 completed. Best fitness: -210. Elapsed time: 10.585206985474 seconds
[29-Mar-2025 11:23:17 UTC] Generation 220 completed. Best fitness: -25. Elapsed time: 10.724321126938 seconds
[29-Mar-2025 11:23:18 UTC] Generation 240 completed. Best fitness: -25. Elapsed time: 11.708405971527 seconds
[29-Mar-2025 11:23:19 UTC] Generation 260 completed. Best fitness: -25. Elapsed time: 12.690252065659 seconds
[29-Mar-2025 11:23:20 UTC] Generation 280 completed. Best fitness: -25. Elapsed time: 13.710558176041 seconds
[29-Mar-2025 11:23:21 UTC] Generation 300 completed. Best fitness: -25. Elapsed time: 14.703783988953 seconds
[29-Mar-2025 11:23:22 UTC] Generation 320 completed. Best fitness: -25. Elapsed time: 15.709609985352 seconds
[29-Mar-2025 11:23:23 UTC] Generation 60 completed. Best fitness: -210. Elapsed time: 15.897285938263 seconds
[29-Mar-2025 11:23:23 UTC] Generation 340 completed. Best fitness: -25. Elapsed time: 16.646102190018 seconds
[29-Mar-2025 11:23:24 UTC] Generation 360 completed. Best fitness: -25. Elapsed time: 17.674208164215 seconds
[29-Mar-2025 11:23:25 UTC] Generation 380 completed. Best fitness: -25. Elapsed time: 18.643612146378 seconds
[29-Mar-2025 11:23:26 UTC] Generation 400 completed. Best fitness: -25. Elapsed time: 19.575461149216 seconds
[29-Mar-2025 11:23:27 UTC] Generation 420 completed. Best fitness: -25. Elapsed time: 20.497464179993 seconds
[29-Mar-2025 11:23:28 UTC] Generation 80 completed. Best fitness: -210. Elapsed time: 21.006823778152 seconds
[29-Mar-2025 11:23:28 UTC] Generation 440 completed. Best fitness: -25. Elapsed time: 21.402136087418 seconds
[29-Mar-2025 11:23:29 UTC] Generation 460 completed. Best fitness: -25. Elapsed time: 22.306878089905 seconds
[29-Mar-2025 11:23:30 UTC] Generation 480 completed. Best fitness: -25. Elapsed time: 23.242882013321 seconds
[29-Mar-2025 11:23:31 UTC] Genetic algorithm completed in 24.100417137146 seconds
[29-Mar-2025 11:23:31 UTC] Error in run_scheduler.php: Failed to parse time string (03-29-2025) at position 0 (0): Unexpected character
[29-Mar-2025 11:23:32 UTC] Generation 100 completed. Best fitness: -210. Elapsed time: 25.863457918167 seconds
[29-Mar-2025 11:23:37 UTC] Generation 120 completed. Best fitness: -210. Elapsed time: 30.773217916489 seconds
[29-Mar-2025 11:23:42 UTC] Generation 140 completed. Best fitness: -210. Elapsed time: 35.401645898819 seconds
[29-Mar-2025 11:23:46 UTC] Generation 160 completed. Best fitness: -210. Elapsed time: 39.646246910095 seconds
[29-Mar-2025 11:23:50 UTC] Generation 180 completed. Best fitness: -210. Elapsed time: 43.50953578949 seconds
[29-Mar-2025 11:23:54 UTC] Generation 200 completed. Best fitness: -210. Elapsed time: 47.404975891113 seconds
[29-Mar-2025 11:23:58 UTC] Generation 220 completed. Best fitness: -210. Elapsed time: 51.263432979584 seconds
[29-Mar-2025 11:24:02 UTC] Generation 240 completed. Best fitness: -210. Elapsed time: 55.137338876724 seconds
[29-Mar-2025 11:24:06 UTC] Generation 260 completed. Best fitness: -210. Elapsed time: 58.941544771194 seconds
[29-Mar-2025 11:24:09 UTC] Generation 280 completed. Best fitness: -210. Elapsed time: 62.789225816727 seconds
[29-Mar-2025 11:24:14 UTC] Generation 300 completed. Best fitness: -210. Elapsed time: 66.96878695488 seconds
[29-Mar-2025 11:24:18 UTC] Generation 320 completed. Best fitness: -210. Elapsed time: 71.040193796158 seconds
[29-Mar-2025 11:24:22 UTC] Generation 340 completed. Best fitness: -210. Elapsed time: 75.318186998367 seconds
[29-Mar-2025 11:24:26 UTC] Generation 360 completed. Best fitness: -210. Elapsed time: 79.324137926102 seconds
[29-Mar-2025 11:24:30 UTC] Generation 380 completed. Best fitness: -210. Elapsed time: 83.106808900833 seconds
[29-Mar-2025 11:24:34 UTC] Generation 400 completed. Best fitness: -210. Elapsed time: 87.073408842087 seconds
[29-Mar-2025 11:24:37 UTC] Generation 420 completed. Best fitness: -210. Elapsed time: 90.859085798264 seconds
[29-Mar-2025 11:24:41 UTC] Generation 440 completed. Best fitness: -210. Elapsed time: 94.680009841919 seconds
[29-Mar-2025 11:24:46 UTC] Generation 460 completed. Best fitness: -210. Elapsed time: 98.895331859589 seconds
[29-Mar-2025 11:24:50 UTC] Generation 480 completed. Best fitness: -210. Elapsed time: 102.98544597626 seconds
[29-Mar-2025 11:24:54 UTC] Genetic algorithm completed in 107.01589488983 seconds
[29-Mar-2025 11:24:54 UTC] Missing teams detected: 11
[29-Mar-2025 11:24:54 UTC] Creating fallback schedule for team ID: 11
[29-Mar-2025 11:24:54 UTC] Teams scheduled: 6 out of 6 expected
[29-Mar-2025 11:30:24 UTC] POST data: Array
(
    [rooms] => Array
        (
            [0] => it test
        )

    [timeDuration] => 5
    [timeSlots] => Array
        (
            [0] => 07:00
            [1] => 07:30
            [2] => 08:00
            [3] => 08:30
            [4] => 09:00
            [5] => 09:30
            [6] => 10:00
            [7] => 10:30
            [8] => 11:00
            [9] => 11:30
        )

    [days] => Array
        (
            [0] => 03-29-2025
        )

    [program] => it
)

[29-Mar-2025 11:30:24 UTC] Previous schedules cleared
[29-Mar-2025 11:30:24 UTC] Fetched 1 teams for program: it
[29-Mar-2025 11:30:24 UTC] Generation 0 completed. Best fitness: -25. Elapsed time: 0.058922052383423 seconds
[29-Mar-2025 11:30:25 UTC] Generation 20 completed. Best fitness: -25. Elapsed time: 0.84579992294312 seconds
[29-Mar-2025 11:30:26 UTC] Generation 40 completed. Best fitness: -25. Elapsed time: 1.5588140487671 seconds
[29-Mar-2025 11:30:26 UTC] POST data: Array
(
    [rooms] => Array
        (
            [0] => it test
        )

    [timeDuration] => 5
    [startTime] => 07:00
    [endTime] => 12:00
    [timeSlots] => Array
        (
            [0] => 07:00:00
        )

    [days] => Array
        (
            [0] => 2025-03-29
        )

)

[29-Mar-2025 11:30:26 UTC] Previous schedules cleared
[29-Mar-2025 11:30:26 UTC] Fetched 6 teams for program: All Programs
[29-Mar-2025 11:30:26 UTC] Generation 0 completed. Best fitness: -210. Elapsed time: 0.23253297805786 seconds
[29-Mar-2025 11:30:27 UTC] Generation 60 completed. Best fitness: -25. Elapsed time: 2.511950969696 seconds
[29-Mar-2025 11:30:28 UTC] Generation 80 completed. Best fitness: -25. Elapsed time: 3.3698258399963 seconds
[29-Mar-2025 11:30:29 UTC] Generation 100 completed. Best fitness: -25. Elapsed time: 4.2378659248352 seconds
[29-Mar-2025 11:30:29 UTC] Generation 120 completed. Best fitness: -25. Elapsed time: 5.0842440128326 seconds
[29-Mar-2025 11:30:30 UTC] Generation 140 completed. Best fitness: -25. Elapsed time: 5.9786019325256 seconds
[29-Mar-2025 11:30:31 UTC] Generation 20 completed. Best fitness: -210. Elapsed time: 4.9150760173798 seconds
[29-Mar-2025 11:30:31 UTC] Generation 160 completed. Best fitness: -25. Elapsed time: 6.9379479885101 seconds
[29-Mar-2025 11:30:32 UTC] Generation 180 completed. Best fitness: -25. Elapsed time: 7.9933979511261 seconds
[29-Mar-2025 11:30:33 UTC] Generation 200 completed. Best fitness: -25. Elapsed time: 9.1166708469391 seconds
[29-Mar-2025 11:30:34 UTC] Generation 220 completed. Best fitness: -25. Elapsed time: 10.143439054489 seconds
[29-Mar-2025 11:30:35 UTC] Generation 240 completed. Best fitness: -25. Elapsed time: 11.170461893082 seconds
[29-Mar-2025 11:30:36 UTC] Generation 260 completed. Best fitness: -25. Elapsed time: 12.127874851227 seconds
[29-Mar-2025 11:30:37 UTC] Generation 40 completed. Best fitness: -210. Elapsed time: 10.574676036835 seconds
[29-Mar-2025 11:30:37 UTC] Generation 280 completed. Best fitness: -25. Elapsed time: 13.079917907715 seconds
[29-Mar-2025 11:30:38 UTC] Generation 300 completed. Best fitness: -25. Elapsed time: 14.036487817764 seconds
[29-Mar-2025 11:30:39 UTC] Generation 320 completed. Best fitness: -25. Elapsed time: 14.996558904648 seconds
[29-Mar-2025 11:30:40 UTC] Generation 340 completed. Best fitness: -25. Elapsed time: 15.978574037552 seconds
[29-Mar-2025 11:30:41 UTC] Generation 360 completed. Best fitness: -25. Elapsed time: 16.877797842026 seconds
[29-Mar-2025 11:30:42 UTC] Generation 60 completed. Best fitness: -210. Elapsed time: 15.739821910858 seconds
[29-Mar-2025 11:30:42 UTC] Generation 380 completed. Best fitness: -25. Elapsed time: 17.749836921692 seconds
[29-Mar-2025 11:30:43 UTC] Generation 400 completed. Best fitness: -25. Elapsed time: 18.615586996078 seconds
[29-Mar-2025 11:30:44 UTC] Generation 420 completed. Best fitness: -25. Elapsed time: 19.481369018555 seconds
[29-Mar-2025 11:30:45 UTC] Generation 440 completed. Best fitness: -25. Elapsed time: 20.346199035645 seconds
[29-Mar-2025 11:30:45 UTC] Generation 460 completed. Best fitness: -25. Elapsed time: 21.194711923599 seconds
[29-Mar-2025 11:30:46 UTC] Generation 480 completed. Best fitness: -25. Elapsed time: 22.049332857132 seconds
[29-Mar-2025 11:30:46 UTC] Generation 80 completed. Best fitness: -210. Elapsed time: 20.49024105072 seconds
[29-Mar-2025 11:30:47 UTC] Genetic algorithm completed in 22.865567922592 seconds
[29-Mar-2025 11:30:47 UTC] Teams scheduled: 1 out of 1 expected
[29-Mar-2025 11:30:50 UTC] Generation 100 completed. Best fitness: -210. Elapsed time: 24.476778030396 seconds
[29-Mar-2025 11:30:55 UTC] Generation 120 completed. Best fitness: -210. Elapsed time: 28.871027946472 seconds
[29-Mar-2025 11:30:59 UTC] Generation 140 completed. Best fitness: -210. Elapsed time: 32.995827913284 seconds
[29-Mar-2025 11:31:04 UTC] Generation 160 completed. Best fitness: -210. Elapsed time: 38.386496067047 seconds
[29-Mar-2025 11:31:09 UTC] Generation 180 completed. Best fitness: -210. Elapsed time: 43.160749912262 seconds
[29-Mar-2025 11:31:13 UTC] Generation 200 completed. Best fitness: -210. Elapsed time: 47.092172861099 seconds
[29-Mar-2025 11:31:17 UTC] Generation 220 completed. Best fitness: -210. Elapsed time: 50.911035060883 seconds
[29-Mar-2025 11:31:21 UTC] Generation 240 completed. Best fitness: -210. Elapsed time: 54.680991888046 seconds
[29-Mar-2025 11:31:25 UTC] Generation 260 completed. Best fitness: -210. Elapsed time: 58.509911060333 seconds
[29-Mar-2025 11:31:28 UTC] Generation 280 completed. Best fitness: -210. Elapsed time: 62.288114070892 seconds
[29-Mar-2025 11:31:32 UTC] Generation 300 completed. Best fitness: -210. Elapsed time: 66.058355093002 seconds
[29-Mar-2025 11:31:36 UTC] Generation 320 completed. Best fitness: -210. Elapsed time: 69.930685997009 seconds
[29-Mar-2025 11:31:40 UTC] Generation 340 completed. Best fitness: -210. Elapsed time: 73.668910980225 seconds
[29-Mar-2025 11:31:44 UTC] Generation 360 completed. Best fitness: -210. Elapsed time: 77.509203910828 seconds
[29-Mar-2025 11:31:47 UTC] Generation 380 completed. Best fitness: -210. Elapsed time: 81.233201980591 seconds
[29-Mar-2025 11:31:51 UTC] Generation 400 completed. Best fitness: -210. Elapsed time: 85.073428869247 seconds
[29-Mar-2025 11:31:55 UTC] Generation 420 completed. Best fitness: -210. Elapsed time: 88.779372930527 seconds
[29-Mar-2025 11:31:59 UTC] Generation 440 completed. Best fitness: -210. Elapsed time: 92.553793907166 seconds
[29-Mar-2025 11:32:02 UTC] Generation 460 completed. Best fitness: -210. Elapsed time: 96.362809896469 seconds
[29-Mar-2025 11:32:06 UTC] Generation 480 completed. Best fitness: -210. Elapsed time: 100.14286899567 seconds
[29-Mar-2025 11:32:10 UTC] Genetic algorithm completed in 103.79870200157 seconds
[29-Mar-2025 11:32:10 UTC] Missing teams detected: 11
[29-Mar-2025 11:32:10 UTC] Creating fallback schedule for team ID: 11
[29-Mar-2025 11:32:10 UTC] Teams scheduled: 6 out of 6 expected
[29-Mar-2025 11:36:05 UTC] POST data: Array
(
    [rooms] => Array
        (
            [0] => it test
        )

    [timeDuration] => 1
    [timeSlots] => Array
        (
            [0] => 07:00
            [1] => 07:30
        )

    [days] => Array
        (
            [0] => 03-29-2025
        )

    [program] => it
)

[29-Mar-2025 11:36:05 UTC] Previous schedules cleared
[29-Mar-2025 11:36:05 UTC] Fetched 1 teams for program: it
[29-Mar-2025 11:36:05 UTC] Generation 0 completed. Best fitness: -25. Elapsed time: 0.065836906433105 seconds
[29-Mar-2025 11:36:06 UTC] Generation 20 completed. Best fitness: -25. Elapsed time: 0.84624886512756 seconds
[29-Mar-2025 11:36:06 UTC] POST data: Array
(
    [rooms] => Array
        (
            [0] => it test
        )

    [timeDuration] => 1
    [startTime] => 07:00
    [endTime] => 08:00
    [timeSlots] => Array
        (
            [0] => 07:00:00
        )

    [days] => Array
        (
            [0] => 2025-03-29
        )

)

[29-Mar-2025 11:36:06 UTC] Previous schedules cleared
[29-Mar-2025 11:36:06 UTC] Fetched 6 teams for program: All Programs
[29-Mar-2025 11:36:06 UTC] Generation 40 completed. Best fitness: -25. Elapsed time: 1.7117629051208 seconds
[29-Mar-2025 11:36:06 UTC] Generation 0 completed. Best fitness: -210. Elapsed time: 0.24157691001892 seconds
[29-Mar-2025 11:36:07 UTC] Generation 60 completed. Best fitness: -25. Elapsed time: 2.6105229854584 seconds
[29-Mar-2025 11:36:08 UTC] Generation 80 completed. Best fitness: -25. Elapsed time: 3.508889913559 seconds
[29-Mar-2025 11:36:09 UTC] Generation 100 completed. Best fitness: -25. Elapsed time: 4.4396109580994 seconds
[29-Mar-2025 11:36:10 UTC] Generation 120 completed. Best fitness: -25. Elapsed time: 5.4947969913483 seconds
[29-Mar-2025 11:36:11 UTC] Generation 140 completed. Best fitness: -25. Elapsed time: 6.5380640029907 seconds
[29-Mar-2025 11:36:12 UTC] Generation 20 completed. Best fitness: -210. Elapsed time: 5.4144320487976 seconds
[29-Mar-2025 11:36:12 UTC] Generation 160 completed. Best fitness: -25. Elapsed time: 7.6015348434448 seconds
[29-Mar-2025 11:36:13 UTC] Generation 180 completed. Best fitness: -25. Elapsed time: 8.6867887973785 seconds
[29-Mar-2025 11:36:14 UTC] Generation 200 completed. Best fitness: -25. Elapsed time: 9.6431138515472 seconds
[29-Mar-2025 11:36:15 UTC] Generation 220 completed. Best fitness: -25. Elapsed time: 10.685201883316 seconds
[29-Mar-2025 11:36:16 UTC] Generation 240 completed. Best fitness: -25. Elapsed time: 11.739969968796 seconds
[29-Mar-2025 11:36:17 UTC] Generation 40 completed. Best fitness: -210. Elapsed time: 10.903764009476 seconds
[29-Mar-2025 11:36:17 UTC] Generation 260 completed. Best fitness: -25. Elapsed time: 12.750841856003 seconds
[29-Mar-2025 11:36:19 UTC] Generation 280 completed. Best fitness: -25. Elapsed time: 13.809522867203 seconds
[29-Mar-2025 11:36:19 UTC] Generation 300 completed. Best fitness: -25. Elapsed time: 14.782802820206 seconds
[29-Mar-2025 11:36:20 UTC] Generation 320 completed. Best fitness: -25. Elapsed time: 15.765405893326 seconds
[29-Mar-2025 11:36:21 UTC] Generation 340 completed. Best fitness: -25. Elapsed time: 16.702066898346 seconds
[29-Mar-2025 11:36:22 UTC] Generation 60 completed. Best fitness: -210. Elapsed time: 16.113370895386 seconds
[29-Mar-2025 11:36:22 UTC] Generation 360 completed. Best fitness: -25. Elapsed time: 17.636626958847 seconds
[29-Mar-2025 11:36:23 UTC] Generation 380 completed. Best fitness: -25. Elapsed time: 18.580258846283 seconds
[29-Mar-2025 11:36:24 UTC] Generation 400 completed. Best fitness: -25. Elapsed time: 19.509019851685 seconds
[29-Mar-2025 11:36:25 UTC] Generation 420 completed. Best fitness: -25. Elapsed time: 20.44563794136 seconds
[29-Mar-2025 11:36:26 UTC] Generation 440 completed. Best fitness: -25. Elapsed time: 21.387843847275 seconds
[29-Mar-2025 11:36:27 UTC] Generation 460 completed. Best fitness: -25. Elapsed time: 22.344077825546 seconds
[29-Mar-2025 11:36:27 UTC] Generation 80 completed. Best fitness: -210. Elapsed time: 21.140008926392 seconds
[29-Mar-2025 11:36:28 UTC] Generation 480 completed. Best fitness: -25. Elapsed time: 23.275473833084 seconds
[29-Mar-2025 11:36:29 UTC] Genetic algorithm completed in 24.169018983841 seconds
[29-Mar-2025 11:36:29 UTC] Teams scheduled: 1 out of 1 expected
[29-Mar-2025 11:36:32 UTC] Generation 100 completed. Best fitness: -210. Elapsed time: 25.379925966263 seconds
[29-Mar-2025 11:36:36 UTC] Generation 120 completed. Best fitness: -210. Elapsed time: 29.559672832489 seconds
[29-Mar-2025 11:36:40 UTC] Generation 140 completed. Best fitness: -210. Elapsed time: 33.450500965118 seconds
[29-Mar-2025 11:36:44 UTC] Generation 160 completed. Best fitness: -210. Elapsed time: 37.493227958679 seconds
[29-Mar-2025 11:36:48 UTC] Generation 180 completed. Best fitness: -210. Elapsed time: 41.336683988571 seconds
[29-Mar-2025 11:36:52 UTC] Generation 200 completed. Best fitness: -210. Elapsed time: 45.43515086174 seconds
[29-Mar-2025 11:36:56 UTC] Generation 220 completed. Best fitness: -210. Elapsed time: 49.439131975174 seconds
[29-Mar-2025 11:37:00 UTC] Generation 240 completed. Best fitness: -210. Elapsed time: 53.435065031052 seconds
[29-Mar-2025 11:37:04 UTC] Generation 260 completed. Best fitness: -210. Elapsed time: 57.829850912094 seconds
[29-Mar-2025 11:37:09 UTC] Generation 280 completed. Best fitness: -210. Elapsed time: 63.231786966324 seconds
[29-Mar-2025 11:37:13 UTC] Generation 300 completed. Best fitness: -210. Elapsed time: 67.042603969574 seconds
[29-Mar-2025 11:37:17 UTC] Generation 320 completed. Best fitness: -210. Elapsed time: 70.724302053452 seconds
[29-Mar-2025 11:37:21 UTC] Generation 340 completed. Best fitness: -210. Elapsed time: 74.723677873611 seconds
[29-Mar-2025 11:37:25 UTC] Generation 360 completed. Best fitness: -210. Elapsed time: 78.726454973221 seconds
[29-Mar-2025 11:37:29 UTC] Generation 380 completed. Best fitness: -210. Elapsed time: 82.585907936096 seconds
[29-Mar-2025 11:37:34 UTC] Generation 400 completed. Best fitness: -210. Elapsed time: 87.626315832138 seconds
[29-Mar-2025 11:37:39 UTC] Generation 420 completed. Best fitness: -210. Elapsed time: 92.525192022324 seconds
[29-Mar-2025 11:37:43 UTC] Generation 440 completed. Best fitness: -210. Elapsed time: 97.009321928024 seconds
[29-Mar-2025 11:37:48 UTC] Generation 460 completed. Best fitness: -210. Elapsed time: 101.45645904541 seconds
[29-Mar-2025 11:37:52 UTC] Generation 480 completed. Best fitness: -210. Elapsed time: 106.00747895241 seconds
[29-Mar-2025 11:37:56 UTC] Genetic algorithm completed in 110.12188696861 seconds
[29-Mar-2025 11:37:56 UTC] Missing teams detected: 11
[29-Mar-2025 11:37:56 UTC] Creating fallback schedule for team ID: 11
[29-Mar-2025 11:37:56 UTC] Teams scheduled: 6 out of 6 expected
[29-Mar-2025 11:40:19 UTC] POST data: Array
(
    [rooms] => Array
        (
            [0] => it test
        )

    [timeDuration] => 1
    [timeSlots] => Array
        (
            [0] => 07:00
            [1] => 07:30
        )

    [days] => Array
        (
            [0] => 03-31-2025
        )

    [program] => it
)

[29-Mar-2025 11:40:19 UTC] Previous schedules cleared
[29-Mar-2025 11:40:19 UTC] Fetched 1 teams for program: it
[29-Mar-2025 11:40:19 UTC] Generation 0 completed. Best fitness: -25. Elapsed time: 0.048336029052734 seconds
[29-Mar-2025 11:40:19 UTC] Generation 20 completed. Best fitness: -25. Elapsed time: 0.87321901321411 seconds
[29-Mar-2025 11:40:20 UTC] POST data: Array
(
    [rooms] => Array
        (
            [0] => it test
        )

    [timeDuration] => 1
    [startTime] => 07:00
    [endTime] => 08:00
    [timeSlots] => Array
        (
            [0] => 07:00:00
        )

    [days] => Array
        (
            [0] => 2025-03-31
        )

)

[29-Mar-2025 11:40:20 UTC] Previous schedules cleared
[29-Mar-2025 11:40:20 UTC] Fetched 6 teams for program: All Programs
[29-Mar-2025 11:40:20 UTC] Generation 0 completed. Best fitness: -210. Elapsed time: 0.23405694961548 seconds
[29-Mar-2025 11:40:20 UTC] Generation 40 completed. Best fitness: -25. Elapsed time: 1.7740020751953 seconds
[29-Mar-2025 11:40:21 UTC] Generation 60 completed. Best fitness: -25. Elapsed time: 2.6632900238037 seconds
[29-Mar-2025 11:40:22 UTC] Generation 80 completed. Best fitness: -25. Elapsed time: 3.6352789402008 seconds
[29-Mar-2025 11:40:23 UTC] Generation 100 completed. Best fitness: -25. Elapsed time: 4.6982719898224 seconds
[29-Mar-2025 11:40:24 UTC] Generation 120 completed. Best fitness: -25. Elapsed time: 5.7426619529724 seconds
[29-Mar-2025 11:40:25 UTC] Generation 140 completed. Best fitness: -25. Elapsed time: 6.798150062561 seconds
[29-Mar-2025 11:40:26 UTC] Generation 20 completed. Best fitness: -210. Elapsed time: 5.5541648864746 seconds
[29-Mar-2025 11:40:26 UTC] Generation 160 completed. Best fitness: -25. Elapsed time: 7.7483909130096 seconds
[29-Mar-2025 11:40:27 UTC] Generation 180 completed. Best fitness: -25. Elapsed time: 8.6387569904327 seconds
[29-Mar-2025 11:40:28 UTC] Generation 200 completed. Best fitness: -25. Elapsed time: 9.5240731239319 seconds
[29-Mar-2025 11:40:29 UTC] Generation 220 completed. Best fitness: -25. Elapsed time: 10.401046991348 seconds
[29-Mar-2025 11:40:30 UTC] Generation 240 completed. Best fitness: -25. Elapsed time: 11.274775981903 seconds
[29-Mar-2025 11:40:30 UTC] Generation 40 completed. Best fitness: -210. Elapsed time: 10.313493967056 seconds
[29-Mar-2025 11:40:31 UTC] Generation 260 completed. Best fitness: -25. Elapsed time: 12.167968034744 seconds
[29-Mar-2025 11:40:32 UTC] Generation 280 completed. Best fitness: -25. Elapsed time: 13.051286935806 seconds
[29-Mar-2025 11:40:33 UTC] Generation 300 completed. Best fitness: -25. Elapsed time: 13.948976993561 seconds
[29-Mar-2025 11:40:34 UTC] Generation 320 completed. Best fitness: -25. Elapsed time: 14.902697086334 seconds
[29-Mar-2025 11:40:34 UTC] Generation 340 completed. Best fitness: -25. Elapsed time: 15.7975730896 seconds
[29-Mar-2025 11:40:35 UTC] Generation 60 completed. Best fitness: -210. Elapsed time: 15.128623008728 seconds
[29-Mar-2025 11:40:35 UTC] Generation 360 completed. Best fitness: -25. Elapsed time: 16.680551052094 seconds
[29-Mar-2025 11:40:36 UTC] Generation 380 completed. Best fitness: -25. Elapsed time: 17.552222013474 seconds
[29-Mar-2025 11:40:37 UTC] Generation 400 completed. Best fitness: -25. Elapsed time: 18.424932003021 seconds
[29-Mar-2025 11:40:38 UTC] Generation 420 completed. Best fitness: -25. Elapsed time: 19.303153038025 seconds
[29-Mar-2025 11:40:39 UTC] Generation 440 completed. Best fitness: -25. Elapsed time: 20.170102119446 seconds
[29-Mar-2025 11:40:40 UTC] Generation 460 completed. Best fitness: -25. Elapsed time: 21.051135063171 seconds
[29-Mar-2025 11:40:40 UTC] Generation 80 completed. Best fitness: -210. Elapsed time: 19.837790966034 seconds
[29-Mar-2025 11:40:41 UTC] Generation 480 completed. Best fitness: -25. Elapsed time: 21.937922000885 seconds
[29-Mar-2025 11:40:41 UTC] Genetic algorithm completed in 22.774496078491 seconds
[29-Mar-2025 11:40:41 UTC] Teams scheduled: 1 out of 1 expected
[29-Mar-2025 11:40:44 UTC] Generation 100 completed. Best fitness: -210. Elapsed time: 23.863337993622 seconds
[29-Mar-2025 11:40:48 UTC] Generation 120 completed. Best fitness: -210. Elapsed time: 28.165288925171 seconds
[29-Mar-2025 11:40:53 UTC] Generation 140 completed. Best fitness: -210. Elapsed time: 32.85227894783 seconds
[29-Mar-2025 11:40:57 UTC] Generation 160 completed. Best fitness: -210. Elapsed time: 37.1198990345 seconds
[29-Mar-2025 11:41:01 UTC] Generation 180 completed. Best fitness: -210. Elapsed time: 41.316712856293 seconds
[29-Mar-2025 11:41:05 UTC] Generation 200 completed. Best fitness: -210. Elapsed time: 45.118780851364 seconds
[29-Mar-2025 11:41:09 UTC] Generation 220 completed. Best fitness: -210. Elapsed time: 48.864733934402 seconds
[29-Mar-2025 11:41:13 UTC] Generation 240 completed. Best fitness: -210. Elapsed time: 52.578003883362 seconds
[29-Mar-2025 11:41:16 UTC] Generation 260 completed. Best fitness: -210. Elapsed time: 56.220621824265 seconds
[29-Mar-2025 11:41:20 UTC] Generation 280 completed. Best fitness: -210. Elapsed time: 59.837126016617 seconds
[29-Mar-2025 11:41:24 UTC] Generation 300 completed. Best fitness: -210. Elapsed time: 63.881130933762 seconds
[29-Mar-2025 11:41:28 UTC] Generation 320 completed. Best fitness: -210. Elapsed time: 67.743345975876 seconds
[29-Mar-2025 11:41:32 UTC] Generation 340 completed. Best fitness: -210. Elapsed time: 71.494565963745 seconds
[29-Mar-2025 11:41:35 UTC] Generation 360 completed. Best fitness: -210. Elapsed time: 75.316129922867 seconds
[29-Mar-2025 11:41:39 UTC] Generation 380 completed. Best fitness: -210. Elapsed time: 79.419857978821 seconds
[29-Mar-2025 11:41:44 UTC] Generation 400 completed. Best fitness: -210. Elapsed time: 83.609709978104 seconds
[29-Mar-2025 11:41:47 UTC] Generation 420 completed. Best fitness: -210. Elapsed time: 87.384837865829 seconds
[29-Mar-2025 11:41:51 UTC] Generation 440 completed. Best fitness: -210. Elapsed time: 91.095525979996 seconds
[29-Mar-2025 11:41:55 UTC] Generation 460 completed. Best fitness: -210. Elapsed time: 94.749232053757 seconds
[29-Mar-2025 11:41:58 UTC] Generation 480 completed. Best fitness: -210. Elapsed time: 98.400338888168 seconds
[29-Mar-2025 11:42:02 UTC] Genetic algorithm completed in 101.96277189255 seconds
[29-Mar-2025 11:42:02 UTC] Missing teams detected: 11
[29-Mar-2025 11:42:02 UTC] Creating fallback schedule for team ID: 11
[29-Mar-2025 11:42:02 UTC] Teams scheduled: 6 out of 6 expected
[29-Mar-2025 11:45:19 UTC] POST data: Array
(
    [rooms] => Array
        (
            [0] => it test
        )

    [timeDuration] => 1
    [timeSlots] => Array
        (
            [0] => 07:00
            [1] => 07:30
        )

    [days] => Array
        (
            [0] => 03-29-2025
        )

    [program] => it
)

[29-Mar-2025 11:45:19 UTC] Previous schedules cleared
[29-Mar-2025 11:45:19 UTC] Fetched 1 teams for program: it
[29-Mar-2025 11:45:19 UTC] Generation 0 completed. Best fitness: -25. Elapsed time: 0.064167976379395 seconds
[29-Mar-2025 11:45:20 UTC] Generation 20 completed. Best fitness: -25. Elapsed time: 0.85088896751404 seconds
[29-Mar-2025 11:45:21 UTC] POST data: Array
(
    [rooms] => Array
        (
            [0] => it test
        )

    [timeDuration] => 1
    [startTime] => 07:00
    [endTime] => 08:00
    [timeSlots] => Array
        (
            [0] => 07:00:00
        )

    [days] => Array
        (
            [0] => 2025-03-29
        )

)

[29-Mar-2025 11:45:21 UTC] Previous schedules cleared
[29-Mar-2025 11:45:21 UTC] Fetched 6 teams for program: All Programs
[29-Mar-2025 11:45:21 UTC] Generation 0 completed. Best fitness: -210. Elapsed time: 0.24234914779663 seconds
[29-Mar-2025 11:45:21 UTC] Generation 40 completed. Best fitness: -25. Elapsed time: 1.7735888957977 seconds
[29-Mar-2025 11:45:22 UTC] Generation 60 completed. Best fitness: -25. Elapsed time: 2.6711359024048 seconds
[29-Mar-2025 11:45:23 UTC] Generation 80 completed. Best fitness: -25. Elapsed time: 3.5641129016876 seconds
[29-Mar-2025 11:45:24 UTC] Generation 100 completed. Best fitness: -25. Elapsed time: 4.4384138584137 seconds
[29-Mar-2025 11:45:25 UTC] Generation 120 completed. Best fitness: -25. Elapsed time: 5.3296940326691 seconds
[29-Mar-2025 11:45:26 UTC] Generation 140 completed. Best fitness: -25. Elapsed time: 6.2120549678802 seconds
[29-Mar-2025 11:45:26 UTC] Generation 20 completed. Best fitness: -210. Elapsed time: 4.9766499996185 seconds
[29-Mar-2025 11:45:26 UTC] Generation 160 completed. Best fitness: -25. Elapsed time: 7.1049978733063 seconds
[29-Mar-2025 11:45:27 UTC] Generation 180 completed. Best fitness: -25. Elapsed time: 7.9873199462891 seconds
[29-Mar-2025 11:45:28 UTC] Generation 200 completed. Best fitness: -25. Elapsed time: 8.868870973587 seconds
[29-Mar-2025 11:45:29 UTC] Generation 220 completed. Best fitness: -25. Elapsed time: 9.768031835556 seconds
[29-Mar-2025 11:45:30 UTC] Generation 240 completed. Best fitness: -25. Elapsed time: 10.672549009323 seconds
[29-Mar-2025 11:45:31 UTC] Generation 40 completed. Best fitness: -210. Elapsed time: 9.8099031448364 seconds
[29-Mar-2025 11:45:31 UTC] Generation 260 completed. Best fitness: -25. Elapsed time: 11.668210983276 seconds
[29-Mar-2025 11:45:32 UTC] Generation 280 completed. Best fitness: -25. Elapsed time: 12.631103038788 seconds
[29-Mar-2025 11:45:33 UTC] Generation 300 completed. Best fitness: -25. Elapsed time: 13.581204891205 seconds
[29-Mar-2025 11:45:34 UTC] Generation 320 completed. Best fitness: -25. Elapsed time: 14.595995903015 seconds
[29-Mar-2025 11:45:35 UTC] Generation 340 completed. Best fitness: -25. Elapsed time: 15.677649021149 seconds
[29-Mar-2025 11:45:36 UTC] Generation 60 completed. Best fitness: -210. Elapsed time: 15.170971155167 seconds
[29-Mar-2025 11:45:36 UTC] Generation 360 completed. Best fitness: -25. Elapsed time: 16.676007032394 seconds
[29-Mar-2025 11:45:37 UTC] Generation 380 completed. Best fitness: -25. Elapsed time: 17.572429895401 seconds
[29-Mar-2025 11:45:38 UTC] Generation 400 completed. Best fitness: -25. Elapsed time: 18.58863401413 seconds
[29-Mar-2025 11:45:39 UTC] Generation 420 completed. Best fitness: -25. Elapsed time: 19.712352991104 seconds
[29-Mar-2025 11:45:40 UTC] Generation 440 completed. Best fitness: -25. Elapsed time: 20.787356853485 seconds
[29-Mar-2025 11:45:41 UTC] Generation 460 completed. Best fitness: -25. Elapsed time: 21.925211906433 seconds
[29-Mar-2025 11:45:42 UTC] Generation 80 completed. Best fitness: -210. Elapsed time: 20.755968093872 seconds
[29-Mar-2025 11:45:42 UTC] Generation 480 completed. Best fitness: -25. Elapsed time: 22.834151983261 seconds
[29-Mar-2025 11:45:43 UTC] Genetic algorithm completed in 23.707170963287 seconds
[29-Mar-2025 11:45:43 UTC] Teams scheduled: 1 out of 1 expected
[29-Mar-2025 11:45:46 UTC] Generation 100 completed. Best fitness: -210. Elapsed time: 25.231890201569 seconds
[29-Mar-2025 11:45:50 UTC] Generation 120 completed. Best fitness: -210. Elapsed time: 29.575731039047 seconds
[29-Mar-2025 11:45:54 UTC] Generation 140 completed. Best fitness: -210. Elapsed time: 33.339702129364 seconds
[29-Mar-2025 11:45:58 UTC] Generation 160 completed. Best fitness: -210. Elapsed time: 37.665367126465 seconds
[29-Mar-2025 11:46:03 UTC] Generation 180 completed. Best fitness: -210. Elapsed time: 42.256620168686 seconds
[29-Mar-2025 11:46:07 UTC] Generation 200 completed. Best fitness: -210. Elapsed time: 46.256072044373 seconds
[29-Mar-2025 11:46:11 UTC] Generation 220 completed. Best fitness: -210. Elapsed time: 49.948446035385 seconds
[29-Mar-2025 11:46:14 UTC] Generation 240 completed. Best fitness: -210. Elapsed time: 53.60869717598 seconds
[29-Mar-2025 11:46:18 UTC] Generation 260 completed. Best fitness: -210. Elapsed time: 57.257177114487 seconds
[29-Mar-2025 11:46:22 UTC] Generation 280 completed. Best fitness: -210. Elapsed time: 60.889108181 seconds
[29-Mar-2025 11:46:25 UTC] Generation 300 completed. Best fitness: -210. Elapsed time: 64.513897180557 seconds
[29-Mar-2025 11:46:29 UTC] Generation 320 completed. Best fitness: -210. Elapsed time: 68.159204006195 seconds
[29-Mar-2025 11:46:33 UTC] Generation 340 completed. Best fitness: -210. Elapsed time: 71.804692983627 seconds
[29-Mar-2025 11:46:36 UTC] Generation 360 completed. Best fitness: -210. Elapsed time: 75.695656061172 seconds
[29-Mar-2025 11:46:40 UTC] Generation 380 completed. Best fitness: -210. Elapsed time: 79.300606012344 seconds
[29-Mar-2025 11:46:44 UTC] Generation 400 completed. Best fitness: -210. Elapsed time: 82.917706012726 seconds
[29-Mar-2025 11:46:47 UTC] Generation 420 completed. Best fitness: -210. Elapsed time: 86.51286816597 seconds
[29-Mar-2025 11:46:51 UTC] Generation 440 completed. Best fitness: -210. Elapsed time: 90.148547172546 seconds
[29-Mar-2025 11:46:55 UTC] Generation 460 completed. Best fitness: -210. Elapsed time: 93.771775007248 seconds
[29-Mar-2025 11:46:58 UTC] Generation 480 completed. Best fitness: -210. Elapsed time: 97.399425029755 seconds
[29-Mar-2025 11:47:02 UTC] Genetic algorithm completed in 100.84950304031 seconds
[29-Mar-2025 11:47:02 UTC] Missing teams detected: 11
[29-Mar-2025 11:47:02 UTC] Creating fallback schedule for team ID: 11
[29-Mar-2025 11:47:02 UTC] Teams scheduled: 6 out of 6 expected
[29-Mar-2025 11:48:56 UTC] POST data: Array
(
    [rooms] => Array
        (
            [0] => it test
        )

    [timeDuration] => 1
    [timeSlots] => Array
        (
            [0] => 07:00
            [1] => 07:30
        )

    [days] => Array
        (
            [0] => 03-29-2025
            [1] => 03-31-2025
        )

    [program] => it
)

[29-Mar-2025 11:48:56 UTC] Previous schedules cleared
[29-Mar-2025 11:48:56 UTC] Fetched 1 teams for program: it
[29-Mar-2025 11:48:56 UTC] Generation 0 completed. Best fitness: -25. Elapsed time: 0.091681003570557 seconds
[29-Mar-2025 11:48:57 UTC] Generation 20 completed. Best fitness: -25. Elapsed time: 0.89843487739563 seconds
[29-Mar-2025 11:48:57 UTC] POST data: Array
(
    [rooms] => Array
        (
            [0] => it test
        )

    [timeDuration] => 1
    [startTime] => 07:00
    [endTime] => 08:00
    [timeSlots] => Array
        (
            [0] => 07:00:00
        )

    [days] => Array
        (
            [0] => 2025-03-29
            [1] => 2025-03-31
        )

)

[29-Mar-2025 11:48:57 UTC] Ignoring submission with startTime. Expected submission without startTime.
[29-Mar-2025 11:48:58 UTC] Generation 40 completed. Best fitness: -25. Elapsed time: 1.7499928474426 seconds
[29-Mar-2025 11:48:59 UTC] Generation 60 completed. Best fitness: -25. Elapsed time: 2.4596300125122 seconds
[29-Mar-2025 11:48:59 UTC] Generation 80 completed. Best fitness: -25. Elapsed time: 3.267758846283 seconds
[29-Mar-2025 11:49:00 UTC] Generation 100 completed. Best fitness: -25. Elapsed time: 4.0283808708191 seconds
[29-Mar-2025 11:49:01 UTC] Generation 120 completed. Best fitness: -25. Elapsed time: 4.7499959468842 seconds
[29-Mar-2025 11:49:02 UTC] Generation 140 completed. Best fitness: -25. Elapsed time: 5.5799129009247 seconds
[29-Mar-2025 11:49:03 UTC] Generation 160 completed. Best fitness: -25. Elapsed time: 6.4535918235779 seconds
[29-Mar-2025 11:49:04 UTC] Generation 180 completed. Best fitness: -25. Elapsed time: 7.4861388206482 seconds
[29-Mar-2025 11:49:05 UTC] Generation 200 completed. Best fitness: -25. Elapsed time: 8.5502078533173 seconds
[29-Mar-2025 11:49:06 UTC] Generation 220 completed. Best fitness: -25. Elapsed time: 9.7361528873444 seconds
[29-Mar-2025 11:49:07 UTC] Generation 240 completed. Best fitness: -25. Elapsed time: 10.769968986511 seconds
[29-Mar-2025 11:49:08 UTC] Generation 260 completed. Best fitness: -25. Elapsed time: 11.744590997696 seconds
[29-Mar-2025 11:49:09 UTC] Generation 280 completed. Best fitness: -25. Elapsed time: 12.683725833893 seconds
[29-Mar-2025 11:49:10 UTC] Generation 300 completed. Best fitness: -25. Elapsed time: 13.523149013519 seconds
[29-Mar-2025 11:49:10 UTC] Generation 320 completed. Best fitness: -25. Elapsed time: 14.231022834778 seconds
[29-Mar-2025 11:49:11 UTC] Generation 340 completed. Best fitness: -25. Elapsed time: 14.932541847229 seconds
[29-Mar-2025 11:49:12 UTC] Generation 360 completed. Best fitness: -25. Elapsed time: 15.628834962845 seconds
[29-Mar-2025 11:49:12 UTC] Generation 380 completed. Best fitness: -25. Elapsed time: 16.330623865128 seconds
[29-Mar-2025 11:49:13 UTC] Generation 400 completed. Best fitness: -25. Elapsed time: 17.03017783165 seconds
[29-Mar-2025 11:49:14 UTC] Generation 420 completed. Best fitness: -25. Elapsed time: 17.732934951782 seconds
[29-Mar-2025 11:49:14 UTC] Generation 440 completed. Best fitness: -25. Elapsed time: 18.425831794739 seconds
[29-Mar-2025 11:49:15 UTC] Generation 460 completed. Best fitness: -25. Elapsed time: 19.123199939728 seconds
[29-Mar-2025 11:49:16 UTC] Generation 480 completed. Best fitness: -25. Elapsed time: 19.974596977234 seconds
[29-Mar-2025 11:49:17 UTC] Genetic algorithm completed in 20.812898874283 seconds
[29-Mar-2025 11:49:17 UTC] Teams scheduled: 1 out of 1 expected
[29-Mar-2025 13:05:00 UTC] POST data: Array
(
    [rooms] => Array
        (
            [0] => it test
        )

    [timeDuration] => 1
    [timeSlots] => Array
        (
            [0] => 09:00
            [1] => 09:30
        )

    [days] => Array
        (
            [0] => 03-29-2025
        )

    [program] => it
)

[29-Mar-2025 13:05:00 UTC] Previous schedules cleared
[29-Mar-2025 13:05:00 UTC] Fetched 1 teams for program: it
[29-Mar-2025 13:05:00 UTC] Generation 0 completed. Best fitness: -25. Elapsed time: 0.098562002182007 seconds
[29-Mar-2025 13:05:01 UTC] Generation 20 completed. Best fitness: -25. Elapsed time: 0.72656989097595 seconds
[29-Mar-2025 13:05:02 UTC] Generation 40 completed. Best fitness: -25. Elapsed time: 1.3547139167786 seconds
[29-Mar-2025 13:05:02 UTC] POST data: Array
(
    [rooms] => Array
        (
            [0] => it test
        )

    [timeDuration] => 1
    [startTime] => 09:00
    [endTime] => 10:00
    [timeSlots] => Array
        (
            [0] => 09:00:00
        )

    [days] => Array
        (
            [0] => 2025-03-29
        )

)

[29-Mar-2025 13:05:02 UTC] Ignoring submission with startTime. Expected submission without startTime.
[29-Mar-2025 13:05:02 UTC] Generation 60 completed. Best fitness: -25. Elapsed time: 2.0430159568787 seconds
[29-Mar-2025 13:05:03 UTC] Generation 80 completed. Best fitness: -25. Elapsed time: 2.6596658229828 seconds
[29-Mar-2025 13:05:04 UTC] Generation 100 completed. Best fitness: -25. Elapsed time: 3.2688720226288 seconds
[29-Mar-2025 13:05:04 UTC] Generation 120 completed. Best fitness: -25. Elapsed time: 3.8725249767303 seconds
[29-Mar-2025 13:05:05 UTC] Generation 140 completed. Best fitness: -25. Elapsed time: 4.4815540313721 seconds
[29-Mar-2025 13:05:05 UTC] Generation 160 completed. Best fitness: -25. Elapsed time: 5.1436789035797 seconds
[29-Mar-2025 13:05:06 UTC] Generation 180 completed. Best fitness: -25. Elapsed time: 5.7593159675598 seconds
[29-Mar-2025 13:05:07 UTC] Generation 200 completed. Best fitness: -25. Elapsed time: 6.3562958240509 seconds
[29-Mar-2025 13:05:07 UTC] Generation 220 completed. Best fitness: -25. Elapsed time: 6.9655590057373 seconds
[29-Mar-2025 13:05:08 UTC] Generation 240 completed. Best fitness: -25. Elapsed time: 7.587630033493 seconds
[29-Mar-2025 13:05:08 UTC] Generation 260 completed. Best fitness: -25. Elapsed time: 8.1938118934631 seconds
[29-Mar-2025 13:05:09 UTC] Generation 280 completed. Best fitness: -25. Elapsed time: 8.7883629798889 seconds
[29-Mar-2025 13:05:10 UTC] Generation 300 completed. Best fitness: -25. Elapsed time: 9.4010038375854 seconds
[29-Mar-2025 13:05:10 UTC] Generation 320 completed. Best fitness: -25. Elapsed time: 10.011221885681 seconds
[29-Mar-2025 13:05:11 UTC] Generation 340 completed. Best fitness: -25. Elapsed time: 10.614902019501 seconds
[29-Mar-2025 13:05:11 UTC] Generation 360 completed. Best fitness: -25. Elapsed time: 11.214694976807 seconds
[29-Mar-2025 13:05:12 UTC] Generation 380 completed. Best fitness: -25. Elapsed time: 11.825772047043 seconds
[29-Mar-2025 13:05:13 UTC] Generation 400 completed. Best fitness: -25. Elapsed time: 12.435328006744 seconds
[29-Mar-2025 13:05:13 UTC] Generation 420 completed. Best fitness: -25. Elapsed time: 13.04689002037 seconds
[29-Mar-2025 13:05:14 UTC] Generation 440 completed. Best fitness: -25. Elapsed time: 13.68976187706 seconds
[29-Mar-2025 13:05:15 UTC] Generation 460 completed. Best fitness: -25. Elapsed time: 14.301923036575 seconds
[29-Mar-2025 13:05:15 UTC] Generation 480 completed. Best fitness: -25. Elapsed time: 14.909647941589 seconds
[29-Mar-2025 13:05:16 UTC] Genetic algorithm completed in 15.492380857468 seconds
[29-Mar-2025 13:05:16 UTC] Teams scheduled: 1 out of 1 expected
[29-Mar-2025 13:15:18 UTC] POST data: Array
(
    [rooms] => Array
        (
            [0] => it test
        )

    [timeDuration] => 1
    [startTime] => 07:00
    [endTime] => 08:00
    [timeSlots] => Array
        (
            [0] => 07:00:00
        )

    [days] => Array
        (
            [0] => 2025-03-29
        )

)

[29-Mar-2025 13:15:18 UTC] Ignoring submission with startTime. Expected submission without startTime.
[29-Mar-2025 13:16:56 UTC] POST data: Array
(
    [rooms] => Array
        (
            [0] => it test
        )

    [timeDuration] => 1
    [startTime] => 07:00
    [endTime] => 08:00
    [timeSlots] => Array
        (
            [0] => 07:00:00
        )

    [days] => Array
        (
            [0] => 2025-03-29
        )

)

[29-Mar-2025 13:16:56 UTC] Previous schedules cleared
[29-Mar-2025 13:16:56 UTC] Fetched 6 teams for program: All Programs
[29-Mar-2025 13:16:56 UTC] Generation 0 completed. Best fitness: -210. Elapsed time: 0.1643431186676 seconds
[29-Mar-2025 13:17:00 UTC] Generation 20 completed. Best fitness: -210. Elapsed time: 3.5004370212555 seconds
[29-Mar-2025 13:17:03 UTC] Generation 40 completed. Best fitness: -210. Elapsed time: 6.9849600791931 seconds
[29-Mar-2025 13:17:07 UTC] Generation 60 completed. Best fitness: -210. Elapsed time: 10.447726964951 seconds
[29-Mar-2025 13:17:10 UTC] Generation 80 completed. Best fitness: -210. Elapsed time: 13.753128051758 seconds
[29-Mar-2025 13:17:13 UTC] Generation 100 completed. Best fitness: -210. Elapsed time: 17.227456092834 seconds
[29-Mar-2025 13:17:17 UTC] Generation 120 completed. Best fitness: -210. Elapsed time: 20.599842071533 seconds
[29-Mar-2025 13:17:20 UTC] Generation 140 completed. Best fitness: -210. Elapsed time: 24.136919021606 seconds
[29-Mar-2025 13:17:24 UTC] Generation 160 completed. Best fitness: -210. Elapsed time: 27.509467124939 seconds
[29-Mar-2025 13:17:27 UTC] Generation 180 completed. Best fitness: -210. Elapsed time: 30.921551942825 seconds
[29-Mar-2025 13:17:30 UTC] Generation 200 completed. Best fitness: -210. Elapsed time: 34.335960149765 seconds
[29-Mar-2025 13:17:34 UTC] Generation 220 completed. Best fitness: -210. Elapsed time: 37.648107051849 seconds
[29-Mar-2025 13:17:37 UTC] Generation 240 completed. Best fitness: -210. Elapsed time: 41.28457403183 seconds
[29-Mar-2025 13:17:41 UTC] Generation 260 completed. Best fitness: -210. Elapsed time: 44.723799943924 seconds
[29-Mar-2025 13:17:44 UTC] Generation 280 completed. Best fitness: -210. Elapsed time: 48.111479043961 seconds
[29-Mar-2025 13:17:48 UTC] Generation 300 completed. Best fitness: -210. Elapsed time: 51.407720088959 seconds
[29-Mar-2025 13:17:51 UTC] Generation 320 completed. Best fitness: -210. Elapsed time: 54.657228946686 seconds
[29-Mar-2025 13:17:54 UTC] Generation 340 completed. Best fitness: -210. Elapsed time: 57.886186122894 seconds
[29-Mar-2025 13:17:57 UTC] Generation 360 completed. Best fitness: -210. Elapsed time: 61.137553930283 seconds
[29-Mar-2025 13:18:00 UTC] Generation 380 completed. Best fitness: -210. Elapsed time: 64.383223056793 seconds
[29-Mar-2025 13:18:04 UTC] Generation 400 completed. Best fitness: -210. Elapsed time: 67.603652000427 seconds
[29-Mar-2025 13:18:07 UTC] Generation 420 completed. Best fitness: -210. Elapsed time: 70.82422208786 seconds
[29-Mar-2025 13:18:10 UTC] Generation 440 completed. Best fitness: -210. Elapsed time: 74.243947982788 seconds
[29-Mar-2025 13:18:14 UTC] Generation 460 completed. Best fitness: -210. Elapsed time: 77.594145059586 seconds
[29-Mar-2025 13:18:17 UTC] Generation 480 completed. Best fitness: -210. Elapsed time: 80.924556016922 seconds
[29-Mar-2025 13:18:20 UTC] Genetic algorithm completed in 84.206129074097 seconds
[29-Mar-2025 13:18:20 UTC] Missing teams detected: 11
[29-Mar-2025 13:18:20 UTC] Creating fallback schedule for team ID: 11
[29-Mar-2025 13:18:20 UTC] Teams scheduled: 6 out of 6 expected
[29-Mar-2025 13:19:41 UTC] POST data: Array
(
    [rooms] => Array
        (
            [0] => it test
        )

    [timeDuration] => 1
    [timeSlots] => Array
        (
            [0] => 07:00
            [1] => 07:30
        )

    [days] => Array
        (
            [0] => 03-29-2025
        )

    [program] => it
)

[29-Mar-2025 13:19:41 UTC] Previous schedules cleared
[29-Mar-2025 13:19:41 UTC] Fetched 1 teams for program: it
[29-Mar-2025 13:19:41 UTC] Generation 0 completed. Best fitness: -25. Elapsed time: 0.10627818107605 seconds
[29-Mar-2025 13:19:41 UTC] Generation 20 completed. Best fitness: -25. Elapsed time: 0.71847414970398 seconds
[29-Mar-2025 13:19:42 UTC] Generation 40 completed. Best fitness: -25. Elapsed time: 1.3172101974487 seconds
[29-Mar-2025 13:19:43 UTC] Generation 60 completed. Best fitness: -25. Elapsed time: 1.9375510215759 seconds
[29-Mar-2025 13:19:43 UTC] Generation 80 completed. Best fitness: -25. Elapsed time: 2.5648720264435 seconds
[29-Mar-2025 13:19:44 UTC] Generation 100 completed. Best fitness: -25. Elapsed time: 3.2266011238098 seconds
[29-Mar-2025 13:19:45 UTC] Generation 120 completed. Best fitness: -25. Elapsed time: 3.8509061336517 seconds
[29-Mar-2025 13:19:45 UTC] Generation 140 completed. Best fitness: -25. Elapsed time: 4.4929521083832 seconds
[29-Mar-2025 13:19:46 UTC] Generation 160 completed. Best fitness: -25. Elapsed time: 5.1881380081177 seconds
[29-Mar-2025 13:19:47 UTC] Generation 180 completed. Best fitness: -25. Elapsed time: 5.8477230072021 seconds
[29-Mar-2025 13:19:47 UTC] Generation 200 completed. Best fitness: -25. Elapsed time: 6.5566000938416 seconds
[29-Mar-2025 13:19:48 UTC] Generation 220 completed. Best fitness: -25. Elapsed time: 7.2790060043335 seconds
[29-Mar-2025 13:19:49 UTC] Generation 240 completed. Best fitness: -25. Elapsed time: 7.9687340259552 seconds
[29-Mar-2025 13:19:49 UTC] Generation 260 completed. Best fitness: -25. Elapsed time: 8.5792260169983 seconds
[29-Mar-2025 13:19:50 UTC] Generation 280 completed. Best fitness: -25. Elapsed time: 9.2055141925812 seconds
[29-Mar-2025 13:19:50 UTC] Generation 300 completed. Best fitness: -25. Elapsed time: 9.8085870742798 seconds
[29-Mar-2025 13:19:51 UTC] Generation 320 completed. Best fitness: -25. Elapsed time: 10.46571803093 seconds
[29-Mar-2025 13:19:52 UTC] Generation 340 completed. Best fitness: -25. Elapsed time: 11.143975019455 seconds
[29-Mar-2025 13:19:52 UTC] Generation 360 completed. Best fitness: -25. Elapsed time: 11.761126041412 seconds
[29-Mar-2025 13:19:53 UTC] Generation 380 completed. Best fitness: -25. Elapsed time: 12.371088027954 seconds
[29-Mar-2025 13:19:54 UTC] Generation 400 completed. Best fitness: -25. Elapsed time: 13.017851114273 seconds
[29-Mar-2025 13:19:54 UTC] Generation 420 completed. Best fitness: -25. Elapsed time: 13.640549182892 seconds
[29-Mar-2025 13:19:55 UTC] Generation 440 completed. Best fitness: -25. Elapsed time: 14.270886182785 seconds
[29-Mar-2025 13:19:56 UTC] Generation 460 completed. Best fitness: -25. Elapsed time: 14.878432035446 seconds
[29-Mar-2025 13:19:56 UTC] Generation 480 completed. Best fitness: -25. Elapsed time: 15.497740030289 seconds
[29-Mar-2025 13:19:57 UTC] Genetic algorithm completed in 16.107028007507 seconds
[29-Mar-2025 13:19:57 UTC] Teams scheduled: 1 out of 1 expected
[02-Apr-2025 03:28:09 UTC] POST data: Array
(
    [rooms] => Array
        (
            [0] => defense room 1
            [1] =>  defense room 2
        )

    [timeDuration] => 2
    [timeSlots] => Array
        (
            [0] => 08:00
            [1] => 08:30
            [2] => 09:00
            [3] => 09:30
            [4] => 10:00
            [5] => 10:30
            [6] => 11:00
            [7] => 11:30
            [8] => 12:00
            [9] => 12:30
            [10] => 13:00
            [11] => 13:30
            [12] => 14:00
            [13] => 14:30
            [14] => 15:00
            [15] => 15:30
        )

    [days] => Array
        (
            [0] => 04-12-2025
        )

    [program] => BSIT
)

[02-Apr-2025 03:28:09 UTC] Previous schedules cleared
[02-Apr-2025 03:28:09 UTC] Fetched 1 teams for program: BSIT
[02-Apr-2025 03:28:09 UTC] Generation 0 completed. Best fitness: -25. Elapsed time: 0.0020689964294434 seconds
[02-Apr-2025 03:28:09 UTC] Generation 20 completed. Best fitness: -25. Elapsed time: 0.072800874710083 seconds
[02-Apr-2025 03:28:09 UTC] Generation 40 completed. Best fitness: -25. Elapsed time: 0.1505298614502 seconds
[02-Apr-2025 03:28:09 UTC] Generation 60 completed. Best fitness: -25. Elapsed time: 0.21141886711121 seconds
[02-Apr-2025 03:28:09 UTC] Generation 80 completed. Best fitness: -25. Elapsed time: 0.27895593643188 seconds
[02-Apr-2025 03:28:09 UTC] Generation 100 completed. Best fitness: -25. Elapsed time: 0.35141801834106 seconds
[02-Apr-2025 03:28:09 UTC] Generation 120 completed. Best fitness: -25. Elapsed time: 0.42708992958069 seconds
[02-Apr-2025 03:28:09 UTC] Generation 140 completed. Best fitness: -25. Elapsed time: 0.49827003479004 seconds
[02-Apr-2025 03:28:09 UTC] Generation 160 completed. Best fitness: -25. Elapsed time: 0.54524183273315 seconds
[02-Apr-2025 03:28:09 UTC] Generation 180 completed. Best fitness: -25. Elapsed time: 0.58921098709106 seconds
[02-Apr-2025 03:28:09 UTC] Generation 200 completed. Best fitness: -25. Elapsed time: 0.63379096984863 seconds
[02-Apr-2025 03:28:09 UTC] Generation 220 completed. Best fitness: -25. Elapsed time: 0.67770195007324 seconds
[02-Apr-2025 03:28:09 UTC] Generation 240 completed. Best fitness: -25. Elapsed time: 0.72227692604065 seconds
[02-Apr-2025 03:28:09 UTC] Generation 260 completed. Best fitness: -25. Elapsed time: 0.76779294013977 seconds
[02-Apr-2025 03:28:10 UTC] Generation 280 completed. Best fitness: -25. Elapsed time: 0.80650591850281 seconds
[02-Apr-2025 03:28:10 UTC] Generation 300 completed. Best fitness: -25. Elapsed time: 0.84977984428406 seconds
[02-Apr-2025 03:28:10 UTC] Generation 320 completed. Best fitness: -25. Elapsed time: 0.89225602149963 seconds
[02-Apr-2025 03:28:10 UTC] Generation 340 completed. Best fitness: -25. Elapsed time: 0.93222594261169 seconds
[02-Apr-2025 03:28:10 UTC] Generation 360 completed. Best fitness: -25. Elapsed time: 0.97676491737366 seconds
[02-Apr-2025 03:28:10 UTC] Generation 380 completed. Best fitness: -25. Elapsed time: 1.0226359367371 seconds
[02-Apr-2025 03:28:10 UTC] Generation 400 completed. Best fitness: -25. Elapsed time: 1.0692210197449 seconds
[02-Apr-2025 03:28:10 UTC] Generation 420 completed. Best fitness: -25. Elapsed time: 1.1109340190887 seconds
[02-Apr-2025 03:28:10 UTC] Generation 440 completed. Best fitness: -25. Elapsed time: 1.1530818939209 seconds
[02-Apr-2025 03:28:10 UTC] Generation 460 completed. Best fitness: -25. Elapsed time: 1.1959068775177 seconds
[02-Apr-2025 03:28:10 UTC] Generation 480 completed. Best fitness: -25. Elapsed time: 1.238541841507 seconds
[02-Apr-2025 03:28:10 UTC] Genetic algorithm completed in 1.2788419723511 seconds
[02-Apr-2025 03:28:10 UTC] Teams scheduled: 1 out of 1 expected
[02-Apr-2025 03:33:57 UTC] POST data: Array
(
    [rooms] => Array
        (
            [0] => def room 1
            [1] =>  def room 2
        )

    [timeDuration] => 2
    [timeSlots] => Array
        (
            [0] => 08:00
            [1] => 08:30
            [2] => 09:00
            [3] => 09:30
            [4] => 10:00
            [5] => 10:30
            [6] => 11:00
            [7] => 11:30
            [8] => 12:00
            [9] => 12:30
            [10] => 13:00
            [11] => 13:30
            [12] => 14:00
            [13] => 14:30
            [14] => 15:00
            [15] => 15:30
        )

    [days] => Array
        (
            [0] => 04-12-2025
        )

    [program] => BSIT
)

[02-Apr-2025 03:33:58 UTC] Previous schedules cleared
[02-Apr-2025 03:33:58 UTC] Fetched 2 teams for program: BSIT
[02-Apr-2025 03:33:58 UTC] Generation 0 completed. Best fitness: -50. Elapsed time: 0.00685715675354 seconds
[02-Apr-2025 03:33:58 UTC] Generation 20 completed. Best fitness: -50. Elapsed time: 0.18312001228333 seconds
[02-Apr-2025 03:33:58 UTC] Generation 40 completed. Best fitness: -50. Elapsed time: 0.32518005371094 seconds
[02-Apr-2025 03:33:58 UTC] Generation 60 completed. Best fitness: -50. Elapsed time: 0.46104001998901 seconds
[02-Apr-2025 03:33:58 UTC] Generation 80 completed. Best fitness: -50. Elapsed time: 0.6235339641571 seconds
[02-Apr-2025 03:33:58 UTC] Generation 100 completed. Best fitness: -50. Elapsed time: 0.78115105628967 seconds
[02-Apr-2025 03:33:58 UTC] Generation 120 completed. Best fitness: -50. Elapsed time: 0.89818596839905 seconds
[02-Apr-2025 03:33:59 UTC] Generation 140 completed. Best fitness: -50. Elapsed time: 1.0049080848694 seconds
[02-Apr-2025 03:33:59 UTC] Generation 160 completed. Best fitness: -50. Elapsed time: 1.1159200668335 seconds
[02-Apr-2025 03:33:59 UTC] Generation 180 completed. Best fitness: -50. Elapsed time: 1.2350080013275 seconds
[02-Apr-2025 03:33:59 UTC] Generation 200 completed. Best fitness: -50. Elapsed time: 1.3865780830383 seconds
[02-Apr-2025 03:33:59 UTC] Generation 220 completed. Best fitness: -50. Elapsed time: 1.5459389686584 seconds
[02-Apr-2025 03:33:59 UTC] Generation 240 completed. Best fitness: -50. Elapsed time: 1.6623029708862 seconds
[02-Apr-2025 03:33:59 UTC] Generation 260 completed. Best fitness: -50. Elapsed time: 1.775486946106 seconds
[02-Apr-2025 03:33:59 UTC] Generation 280 completed. Best fitness: -50. Elapsed time: 1.8752830028534 seconds
[02-Apr-2025 03:34:00 UTC] Generation 300 completed. Best fitness: -50. Elapsed time: 1.9845960140228 seconds
[02-Apr-2025 03:34:00 UTC] Generation 320 completed. Best fitness: -50. Elapsed time: 2.0967500209808 seconds
[02-Apr-2025 03:34:00 UTC] Generation 340 completed. Best fitness: -50. Elapsed time: 2.2022180557251 seconds
[02-Apr-2025 03:34:00 UTC] Generation 360 completed. Best fitness: -50. Elapsed time: 2.300066947937 seconds
[02-Apr-2025 03:34:00 UTC] Generation 380 completed. Best fitness: -50. Elapsed time: 2.3981070518494 seconds
[02-Apr-2025 03:34:00 UTC] Generation 400 completed. Best fitness: -50. Elapsed time: 2.4963669776917 seconds
[02-Apr-2025 03:34:00 UTC] Generation 420 completed. Best fitness: -50. Elapsed time: 2.5907869338989 seconds
[02-Apr-2025 03:34:00 UTC] Generation 440 completed. Best fitness: -50. Elapsed time: 2.6899609565735 seconds
[02-Apr-2025 03:34:00 UTC] Generation 460 completed. Best fitness: -50. Elapsed time: 2.799252986908 seconds
[02-Apr-2025 03:34:00 UTC] Generation 480 completed. Best fitness: -50. Elapsed time: 2.9101400375366 seconds
[02-Apr-2025 03:34:01 UTC] Genetic algorithm completed in 3.0044090747833 seconds
[02-Apr-2025 03:34:01 UTC] Missing teams detected: 13
[02-Apr-2025 03:34:01 UTC] Creating fallback schedule for team ID: 13
[02-Apr-2025 03:34:01 UTC] Teams scheduled: 2 out of 2 expected
[10-Apr-2025 23:57:35 America/New_York] POST data: Array
(
    [rooms] => Array
        (
            [0] => Defense Room 1
            [1] =>  Defense Room 2
        )

    [timeDuration] => 2
    [timeSlots] => Array
        (
            [0] => 08:00
            [1] => 09:00
            [2] => 10:00
            [3] => 11:00
            [4] => 12:00
            [5] => 13:00
            [6] => 14:00
            [7] => 15:00
            [8] => 16:00
            [9] => 17:00
        )

    [days] => Array
        (
            [0] => 04-12-2025
        )

    [program] => Bachelor of Science in Information Technology with specialization in Web and Mobile Technology
)

[10-Apr-2025 23:57:35 America/New_York] Previous schedules cleared
[10-Apr-2025 23:57:35 America/New_York] Fetched 0 teams for program: Bachelor of Science in Information Technology with specialization in Web and Mobile Technology
[10-Apr-2025 23:57:35 America/New_York] Error in run_scheduler.php: No teams or panelists available for scheduling
[11-Apr-2025 00:09:26 America/New_York] POST data: Array
(
    [rooms] => Array
        (
            [0] => Defense Room 1
            [1] =>  Defense Room 2
        )

    [timeDuration] => 2
    [timeSlots] => Array
        (
            [0] => 08:00
            [1] => 09:00
            [2] => 10:00
            [3] => 11:00
            [4] => 12:00
            [5] => 13:00
            [6] => 14:00
            [7] => 15:00
            [8] => 16:00
            [9] => 17:00
        )

    [days] => Array
        (
            [0] => 04-12-2025
        )

    [program] => Bachelor of Science in Information Technology with specialization in Web and Mobile Technology
)

[11-Apr-2025 00:09:26 America/New_York] Previous schedules cleared
[11-Apr-2025 00:09:26 America/New_York] Fetched 7 teams for program: Bachelor of Science in Information Technology with specialization in Web and Mobile Technology
[11-Apr-2025 00:09:26 America/New_York] Generation 0 completed. Best fitness: -175. Elapsed time: 0.0386238098145 seconds
[11-Apr-2025 00:09:27 America/New_York] Generation 20 completed. Best fitness: -175. Elapsed time: 1.25103998184 seconds
[11-Apr-2025 00:09:28 America/New_York] Generation 40 completed. Best fitness: -175. Elapsed time: 2.39668893814 seconds
[11-Apr-2025 00:09:29 America/New_York] Generation 60 completed. Best fitness: -175. Elapsed time: 3.50903701782 seconds
[11-Apr-2025 00:09:30 America/New_York] Generation 80 completed. Best fitness: -175. Elapsed time: 4.70134592056 seconds
[11-Apr-2025 00:09:31 America/New_York] Generation 100 completed. Best fitness: -175. Elapsed time: 5.82835197449 seconds
[11-Apr-2025 00:09:33 America/New_York] Generation 120 completed. Best fitness: -175. Elapsed time: 7.01444792747 seconds
[11-Apr-2025 00:09:34 America/New_York] Generation 140 completed. Best fitness: -175. Elapsed time: 8.1927189827 seconds
[11-Apr-2025 00:09:35 America/New_York] Generation 160 completed. Best fitness: -175. Elapsed time: 9.37712883949 seconds
[11-Apr-2025 00:09:36 America/New_York] Generation 180 completed. Best fitness: -175. Elapsed time: 10.5348389149 seconds
[11-Apr-2025 00:09:37 America/New_York] Generation 200 completed. Best fitness: -175. Elapsed time: 11.7637619972 seconds
[11-Apr-2025 00:09:39 America/New_York] Generation 220 completed. Best fitness: -175. Elapsed time: 12.8982620239 seconds
[11-Apr-2025 00:09:40 America/New_York] Generation 240 completed. Best fitness: -175. Elapsed time: 14.3374969959 seconds
[11-Apr-2025 00:09:41 America/New_York] Generation 260 completed. Best fitness: -175. Elapsed time: 15.4656569958 seconds
[11-Apr-2025 00:09:42 America/New_York] Generation 280 completed. Best fitness: -175. Elapsed time: 16.6375570297 seconds
[11-Apr-2025 00:09:43 America/New_York] Generation 300 completed. Best fitness: -175. Elapsed time: 17.7767448425 seconds
[11-Apr-2025 00:09:45 America/New_York] Generation 320 completed. Best fitness: -175. Elapsed time: 19.0531527996 seconds
[11-Apr-2025 00:09:46 America/New_York] Generation 340 completed. Best fitness: -175. Elapsed time: 20.133548975 seconds
[11-Apr-2025 00:09:47 America/New_York] Generation 360 completed. Best fitness: -175. Elapsed time: 21.465679884 seconds
[11-Apr-2025 00:09:48 America/New_York] Generation 380 completed. Best fitness: -175. Elapsed time: 22.548486948 seconds
[11-Apr-2025 00:09:49 America/New_York] Generation 400 completed. Best fitness: -175. Elapsed time: 23.6329009533 seconds
[11-Apr-2025 00:09:50 America/New_York] Generation 420 completed. Best fitness: -175. Elapsed time: 24.7672820091 seconds
[11-Apr-2025 00:09:52 America/New_York] Generation 440 completed. Best fitness: -175. Elapsed time: 25.9253509045 seconds
[11-Apr-2025 00:09:53 America/New_York] Generation 460 completed. Best fitness: -175. Elapsed time: 27.115541935 seconds
[11-Apr-2025 00:09:54 America/New_York] Generation 480 completed. Best fitness: -175. Elapsed time: 28.2470638752 seconds
[11-Apr-2025 00:09:55 America/New_York] Genetic algorithm completed in 29.2436668873 seconds
[11-Apr-2025 00:09:55 America/New_York] Missing teams detected: 32
[11-Apr-2025 00:09:55 America/New_York] Creating fallback schedule for team ID: 32
[11-Apr-2025 00:09:55 America/New_York] Teams scheduled: 7 out of 7 expected
